// Jest Snapshot v1, https://goo.gl/fbAQLP

exports[`should render content block with empty model 1`] = `
<div>
  <div
    data-sfhasquickeditoperation="true"
    data-sfid="731d793d-4fe1-4bf6-878d-7cc973c2be3f"
    data-sfiscontentwidget="true"
    data-sfisempty="false"
    data-sfisemptyvisualhidden="false"
    data-sfisorphaned="false"
    data-sfname="SitefinityContentBlock"
    data-sftitle="Content block"
    draggable="true"
  >
    c11
  </div>
</div>
`;
