// Jest Snapshot v1, https://goo.gl/fbAQLP

exports[`Image rendered with original size 1`] = `
<div>
  <span>
    <img
      loading="lazy"
      src="/images/default-source/default-album/imagee7f8cd11-dafa-41c6-95bb-7100514c09dd.jpg?sfvrsn=87c70c89_2"
      title="custom title"
    />
  </span>
</div>
`;
