// Jest Snapshot v1, https://goo.gl/fbAQLP

exports[`should render login form 1`] = `
<div>
  <div
    class=""
    data-sfemptyiconaction="Edit"
    data-sfhasquickeditoperation="true"
    data-sfid="b116390e-23ae-410a-b323-6354a04aaddc"
    data-sfiscontentwidget="true"
    data-sfisempty="false"
    data-sfisemptyvisualhidden="false"
    data-sfisorphaned="false"
    data-sfname="SitefinityLoginForm"
    data-sftitle="LoginForm"
    draggable="true"
  >
    <div
      data-sf-role="form-container"
    >
      <h2
        class="mb-3"
      >
        Login
      </h2>
      <div
        aria-live="assertive"
        class="alert alert-danger my-3 d-none"
        data-sf-role="error-message-container"
        id="errorContainer"
        role="alert"
        style="display: none;"
      >
        Incorrect credentials.
      </div>
      <form
        action="/sitefinity/login-handler"
        method="post"
        novalidate=""
        role="form"
      >
        <div
          class="mb-3"
        >
          <label
            class="form-label"
            for="sf-username--f754"
          >
            Email / Username
          </label>
          <input
            class="form-control"
            data-sf-role="required"
            id="sf-username--f754"
            name="username"
            type="email"
          />
        </div>
        <div
          class="mb-3"
        >
          <label
            class="form-label"
            for="sf-password--f754"
          >
            Password
          </label>
          <input
            autocomplete="on"
            class="form-control"
            data-sf-role="required"
            id="sf-password--f754"
            name="password"
            type="password"
          />
        </div>
        <div
          class="row mb-3"
        >
          <div
            class="checkbox col-md-6 m-0"
          >
            <label>
              <input
                checked=""
                data-val="true"
                data-val-required="The RememberMe field is required."
                id="sf-rememeber--f754"
                name="RememberMe"
                type="checkbox"
                value="true"
              />
              <label
                for="sf-rememeber--f754"
              >
                Remember me
              </label>
            </label>
          </div>
        </div>
        <input
          name="RedirectUrl"
          type="hidden"
          value="https://localhost:5001/integration-test?sf_site=4c922118-f076-4e24-9193-93e004f50107&sfaction=edit&sf_version=80"
        />
        <input
          name="ErrorRedirectUrl"
          type="hidden"
          value="https://localhost:5001/integration-test?sf_site=4c922118-f076-4e24-9193-93e004f50107&sfaction=edit&sf_version=80&loginerror=True"
        />
        <input
          name="MembershipProviderName"
          type="hidden"
          value=""
        />
        <input
          name="sf_antiforgery"
          type="hidden"
          value=""
        />
        <input
          class="btn btn-primary w-100"
          type="submit"
          value="Log in"
        />
      </form>
      <input
        name="ValidationInvalidEmailMessage"
        type="hidden"
        value="Invalid email format."
      />
      <input
        name="ValidationRequiredMessage"
        type="hidden"
        value="All fields are required."
      />
    </div>
  </div>
</div>
`;
